Starting...Scheduling: tests/scratch_manager_spec.lua
Scheduling: tests/icon_provider_spec.lua
Scheduling: tests/ui_spec.lua
Scheduling: tests/selection_spec.lua
Scheduling: tests/icons_spec.lua
Error detected while processing /Users/wwmac/.config/nvim/init.lua:
E5113: Error while calling lua chunk: /Users/wwmac/.config/nvim/init.lua:6: Vim:E185: Cannot find color scheme 'catppuccin'
stack traceback:
	[C]: in function 'colorscheme'
	/Users/wwmac/.config/nvim/init.lua:6: in main chunk

========================================	
Testing: 	/Users/wwmac/plugins/scratch-manager.nvim/tests/icons_spec.lua	
[32mSuccess[0m	||	scratch-manager.icons get_icon_for_file handles files with no extension	
[32mSuccess[0m	||	scratch-manager.icons get_icon_for_file handles files with empty extension	
[32mSuccess[0m	||	scratch-manager.icons get_icon_for_file handles files with spaces in name and no extension	
[32mSuccess[0m	||	scratch-manager.icons get_icon_for_file handles known extensions	
[33mPending[0m	||	scratch-manager.icons nerd font vs unicode fallback logic	
[33mPending[0m	||	scratch-manager.icons auto-detection of nerd font support	
[33mPending[0m	||	scratch-manager.icons icon width validation	
	
[32mSuccess: [0m	4	
[31mFailed : [0m	0	
[31mErrors : [0m	0	
========================================	
Error detected while processing /Users/wwmac/.config/nvim/init.lua:
E5113: Error while calling lua chunk: /Users/wwmac/.config/nvim/init.lua:6: Vim:E185: Cannot find color scheme 'catppuccin'
stack traceback:
	[C]: in function 'colorscheme'
	/Users/wwmac/.config/nvim/init.lua:6: in main chunk

========================================	
Testing: 	/Users/wwmac/plugins/scratch-manager.nvim/tests/icon_provider_spec.lua	
[32mSuccess[0m	||	scratch-manager.icon_provider provider detection detects mini.icons when available and setup	
[32mSuccess[0m	||	scratch-manager.icon_provider provider detection falls back to nvim-web-devicons when mini.icons not available	
[32mSuccess[0m	||	scratch-manager.icon_provider provider detection returns nil when no providers available	
[32mSuccess[0m	||	scratch-manager.icon_provider provider detection handles directory type correctly with devicons	
[32mSuccess[0m	||	scratch-manager.icon_provider get_icon_with_color returns colored icon when provider available	
[32mSuccess[0m	||	scratch-manager.icon_provider get_icon_with_color falls back to current icons when no provider	
[32mSuccess[0m	||	scratch-manager.icon_provider get_icon_with_color handles empty icon gracefully	
[32mSuccess[0m	||	scratch-manager.icon_provider utility functions has_colored_icons returns true when provider available	
[32mSuccess[0m	||	scratch-manager.icon_provider utility functions has_colored_icons returns false when no provider	
[32mSuccess[0m	||	scratch-manager.icon_provider utility functions get_provider_name returns correct provider	
[32mSuccess[0m	||	scratch-manager.icon_provider fallback behavior preserves existing icon logic	
[32mSuccess[0m	||	scratch-manager.icon_provider fallback behavior handles filetype preference correctly	
	
[32mSuccess: [0m	12	
[31mFailed : [0m	0	
[31mErrors : [0m	0	
========================================	
Error detected while processing /Users/wwmac/.config/nvim/init.lua:
E5113: Error while calling lua chunk: /Users/wwmac/.config/nvim/init.lua:6: Vim:E185: Cannot find color scheme 'catppuccin'
stack traceback:
	[C]: in function 'colorscheme'
	/Users/wwmac/.config/nvim/init.lua:6: in main chunk

========================================	
Testing: 	/Users/wwmac/plugins/scratch-manager.nvim/tests/selection_spec.lua	
[32mSuccess[0m	||	scratch-manager.selection custom selection UI creation should handle empty items list	
[32mSuccess[0m	||	scratch-manager.selection custom selection UI creation should create selection UI with valid items	
[32mSuccess[0m	||	scratch-manager.selection item navigation and selection should handle navigation keys correctly	
[32mSuccess[0m	||	scratch-manager.selection item navigation and selection should handle selection and cancellation keys	
[32mSuccess[0m	||	scratch-manager.selection key mapping and event handling should set up proper keymaps during UI creation	
[31mFail[0m	||	scratch-manager.selection display updates and rendering should update selection display without errors	
            ...ac/plugins/scratch-manager.nvim/tests/selection_spec.lua:155: Expected objects to be the same.
            Passed in:
            (nil)
            Expected:
            type function
            
            stack traceback:
            	...ac/plugins/scratch-manager.nvim/tests/selection_spec.lua:155: in function <...ac/plugins/scratch-manager.nvim/tests/selection_spec.lua:153>
            	
[32mSuccess[0m	||	scratch-manager.selection window management should close selection UI properly	
[31mFail[0m	||	scratch-manager.selection window management should handle window cleanup on buffer leave	
            ./lua/scratch-manager/selection.lua:274: attempt to index field 'selection' (a nil value)
            
            stack traceback:
            	./lua/scratch-manager/selection.lua:274: in function 'create_custom_selection'
            	...ac/plugins/scratch-manager.nvim/tests/selection_spec.lua:191: in function <...ac/plugins/scratch-manager.nvim/tests/selection_spec.lua:175>
            	
	
[32mSuccess: [0m	6	
[31mFailed : [0m	2	
[31mErrors : [0m	0	
========================================	
Tests Failed. Exit: 1	
Error detected while processing /Users/wwmac/.config/nvim/init.lua:
E5113: Error while calling lua chunk: /Users/wwmac/.config/nvim/init.lua:6: Vim:E185: Cannot find color scheme 'catppuccin'
stack traceback:
	[C]: in function 'colorscheme'
	/Users/wwmac/.config/nvim/init.lua:6: in main chunk

========================================	
Testing: 	/Users/wwmac/plugins/scratch-manager.nvim/tests/ui_spec.lua	
[32mSuccess[0m	||	scratch-manager.ui optimal layout calculation should calculate layout for empty items	
[32mSuccess[0m	||	scratch-manager.ui optimal layout calculation should calculate layout for items with content	
[32mSuccess[0m	||	scratch-manager.ui column width distribution should distribute widths proportionally when constrained	
[32mSuccess[0m	||	scratch-manager.ui path truncation logic should not truncate short paths	
[32mSuccess[0m	||	scratch-manager.ui path truncation logic should truncate long paths intelligently	
[32mSuccess[0m	||	scratch-manager.ui path truncation logic should handle edge cases	
[32mSuccess[0m	||	scratch-manager.ui item line formatting should format item lines correctly	
[32mSuccess[0m	||	scratch-manager.ui item line formatting should handle selected items	
[32mSuccess[0m	||	scratch-manager.ui item line formatting should handle items with missing data	
[32mSuccess[0m	||	scratch-manager.ui dynamic window sizing should respect minimum window width	
[32mSuccess[0m	||	scratch-manager.ui dynamic window sizing should respect maximum window width	
[32mSuccess[0m	||	scratch-manager.ui internal helper functions should extract scratch filenames correctly	
[32mSuccess[0m	||	scratch-manager.ui internal helper functions should handle git branch extraction	
	
[32mSuccess: [0m	13	
[31mFailed : [0m	0	
[31mErrors : [0m	0	
========================================	
Error detected while processing /Users/wwmac/.config/nvim/init.lua:
E5113: Error while calling lua chunk: /Users/wwmac/.config/nvim/init.lua:6: Vim:E185: Cannot find color scheme 'catppuccin'
stack traceback:
	[C]: in function 'colorscheme'
	/Users/wwmac/.config/nvim/init.lua:6: in main chunk

========================================	
Testing: 	/Users/wwmac/plugins/scratch-manager.nvim/tests/scratch_manager_spec.lua	
[32mSuccess[0m	||	scratch-manager setup should initialize with default config	
[32mSuccess[0m	||	scratch-manager setup should merge user config with defaults	
[32mSuccess[0m	||	scratch-manager setup should merge nested keymap config	
[32mSuccess[0m	||	scratch-manager setup should handle nil config gracefully	
[32mSuccess[0m	||	scratch-manager setup should handle empty config gracefully	
[32mSuccess[0m	||	scratch-manager core functionality should open new scratch pad	
[32mSuccess[0m	||	scratch-manager core functionality should open existing scratch pad	
[32mSuccess[0m	||	scratch-manager core functionality should find existing scratch pad	
[32mSuccess[0m	||	scratch-manager core functionality should return nil when scratch pad not found	
[32mSuccess[0m	||	scratch-manager error handling should assert when config missing path	
[32mSuccess[0m	||	scratch-manager error handling should assert when config missing name	
[32mSuccess[0m	||	scratch-manager error handling should handle empty buffers list	
[32mSuccess[0m	||	scratch-manager error handling should handle buffers with missing cwd	
[32mSuccess[0m	||	scratch-manager integration should toggle scratch pad without errors	
[32mSuccess[0m	||	scratch-manager integration should toggle scratch pad with filetype	
[32mSuccess[0m	||	scratch-manager integration should delete current scratch pad without errors	
	
[32mSuccess: [0m	16	
[31mFailed : [0m	0	
[31mErrors : [0m	0	
========================================	
